pages/AdminManagement.tsx(10,41): error TS2459: Module '"../data/mockData"' declares 'UserAccount' locally, but it is not exported.
